// Vitest Snapshot v1, https://vitest.dev/guide/snapshot.html

exports[`compiling CSS > \`@tailwind utilities\` is replaced by utilities using the default theme 1`] = `
":root, :host {
  --color-red-500: oklch(.637 .237 25.331);
  --spacing: .25rem;
}

.w-4 {
  width: calc(var(--spacing) * 4);
}

.bg-red-500 {
  background-color: var(--color-red-500);
}

.shadow-sm {
  --tw-shadow: 0 1px 3px 0 var(--tw-shadow-color, #0000001a), 0 1px 2px -1px var(--tw-shadow-color, #0000001a);
  box-shadow: var(--tw-inset-shadow), var(--tw-inset-ring-shadow), var(--tw-ring-offset-shadow), var(--tw-ring-shadow), var(--tw-shadow);
}

@media (width >= 40rem) {
  .sm\\:flex {
    display: flex;
  }
}

@property --tw-shadow {
  syntax: "*";
  inherits: false;
  initial-value: 0 0 #0000;
}

@property --tw-shadow-color {
  syntax: "*";
  inherits: false
}

@property --tw-inset-shadow {
  syntax: "*";
  inherits: false;
  initial-value: 0 0 #0000;
}

@property --tw-inset-shadow-color {
  syntax: "*";
  inherits: false
}

@property --tw-ring-color {
  syntax: "*";
  inherits: false
}

@property --tw-ring-shadow {
  syntax: "*";
  inherits: false;
  initial-value: 0 0 #0000;
}

@property --tw-inset-ring-color {
  syntax: "*";
  inherits: false
}

@property --tw-inset-ring-shadow {
  syntax: "*";
  inherits: false;
  initial-value: 0 0 #0000;
}

@property --tw-ring-inset {
  syntax: "*";
  inherits: false
}

@property --tw-ring-offset-width {
  syntax: "<length>";
  inherits: false;
  initial-value: 0;
}

@property --tw-ring-offset-color {
  syntax: "*";
  inherits: false;
  initial-value: #fff;
}

@property --tw-ring-offset-shadow {
  syntax: "*";
  inherits: false;
  initial-value: 0 0 #0000;
}"
`;
